2026-07-04T15:35:25: ▲ Next.js 16.2.10
2026-07-04T15:35:25: - Local:         http://localhost:8001
2026-07-04T15:35:25: - Network:       http://0.0.0.0:8001
2026-07-04T15:35:25: ✓ Ready in 0ms
2026-07-04T17:12:48: ◇ injected env (0) from .env // tip: ⌘ multiple files { path: ['.env.local', '.env'] }
2026-07-04T17:12:48: Fetching Properties...
2026-07-04T17:12:48: ⚠️  No items found for Properties
2026-07-04T17:12:48: Fetching Projects...
2026-07-04T17:12:49: ⚠️  No items found for Projects
2026-07-04T17:12:49: Fetching Articles...
2026-07-04T17:12:49: ⚠️  No items found for Articles
2026-07-04T17:12:49: Fetching Agents...
2026-07-04T17:12:49: ✓ Added 1 Agents
2026-07-12T17:24:18: Fetching Properties...
2026-07-12T17:24:18: ⚠️  No items found for Properties
2026-07-12T17:24:18: Fetching Projects...
2026-07-12T17:24:19: ⚠️  No items found for Projects
2026-07-12T17:24:19: Fetching Articles...
2026-07-12T17:24:19: ⚠️  No items found for Articles
2026-07-12T17:24:19: Fetching Agents...
2026-07-12T17:24:19: ✓ Added 1 Agents
2026-07-21T03:42:47: Fetching Properties...
2026-07-21T03:42:47: ⚠️  No items found for Properties
2026-07-21T03:42:47: Fetching Projects...
2026-07-21T03:42:47: ⚠️  No items found for Projects
2026-07-21T03:42:47: Fetching Articles...
2026-07-21T03:42:47: ⚠️  No items found for Articles
2026-07-21T03:42:47: Fetching Agents...
2026-07-21T03:42:47: ✓ Added 1 Agents
2026-07-21T18:18:20: Fetching Properties...
2026-07-21T18:18:21: ⚠️  No items found for Properties
2026-07-21T18:18:21: Fetching Projects...
2026-07-21T18:18:21: ⚠️  No items found for Projects
2026-07-21T18:18:21: Fetching Articles...
2026-07-21T18:18:21: ⚠️  No items found for Articles
2026-07-21T18:18:21: Fetching Agents...
2026-07-21T18:18:21: ✓ Added 1 Agents
2026-07-27T02:19:25: Fetching Properties...
2026-07-27T02:19:25: ⚠️  No items found for Properties
2026-07-27T02:19:25: Fetching Projects...
2026-07-27T02:19:25: ⚠️  No items found for Projects
2026-07-27T02:19:25: Fetching Articles...
2026-07-27T02:19:26: ⚠️  No items found for Articles
2026-07-27T02:19:26: Fetching Agents...
2026-07-27T02:19:26: ✓ Added 1 Agents
2026-07-29T01:07:20: Fetching Properties...
2026-07-29T01:07:20: ⚠️  No items found for Properties
2026-07-29T01:07:20: Fetching Projects...
2026-07-29T01:07:21: ⚠️  No items found for Projects
2026-07-29T01:07:21: Fetching Articles...
2026-07-29T01:07:21: ⚠️  No items found for Articles
2026-07-29T01:07:21: Fetching Agents...
2026-07-29T01:07:21: ✓ Added 1 Agents
2026-07-30T04:35:39: Fetching Properties...
2026-07-30T04:35:39: ⚠️  No items found for Properties
2026-07-30T04:35:39: Fetching Projects...
2026-07-30T04:35:39: ⚠️  No items found for Projects
2026-07-30T04:35:39: Fetching Articles...
2026-07-30T04:35:39: ⚠️  No items found for Articles
2026-07-30T04:35:39: Fetching Agents...
2026-07-30T04:35:39: ✓ Added 1 Agents
2026-07-30T20:55:52: Fetching Properties...
2026-07-30T20:55:52: ⚠️  No items found for Properties
2026-07-30T20:55:52: Fetching Projects...
2026-07-30T20:55:52: ⚠️  No items found for Projects
2026-07-30T20:55:52: Fetching Articles...
2026-07-30T20:55:52: ⚠️  No items found for Articles
2026-07-30T20:55:52: Fetching Agents...
2026-07-30T20:55:52: ✓ Added 1 Agents
2026-08-04T16:45:58: Fetching Properties...
2026-08-04T16:45:58: ⚠️  No items found for Properties
2026-08-04T16:45:58: Fetching Projects...
2026-08-04T16:45:58: ⚠️  No items found for Projects
2026-08-04T16:45:58: Fetching Articles...
2026-08-04T16:45:58: ⚠️  No items found for Articles
2026-08-04T16:45:58: Fetching Agents...
2026-08-04T16:45:58: ✓ Added 1 Agents
2026-08-05T09:30:47: Fetching Properties...
2026-08-05T09:30:48: ⚠️  No items found for Properties
2026-08-05T09:30:48: Fetching Projects...
2026-08-05T09:30:48: ⚠️  No items found for Projects
2026-08-05T09:30:48: Fetching Articles...
2026-08-05T09:30:48: ⚠️  No items found for Articles
2026-08-05T09:30:48: Fetching Agents...
2026-08-05T09:30:48: ✓ Added 1 Agents
2026-08-06T20:32:51: Fetching Properties...
2026-08-06T20:32:51: ⚠️  No items found for Properties
2026-08-06T20:32:51: Fetching Projects...
2026-08-06T20:32:52: ⚠️  No items found for Projects
2026-08-06T20:32:52: Fetching Articles...
2026-08-06T20:32:52: ⚠️  No items found for Articles
2026-08-06T20:32:52: Fetching Agents...
2026-08-06T20:32:52: ✓ Added 1 Agents
